2026-04-07 21:22:36 [restartedMain] INFO  com.dohwan.login.LoginApplication - Starting LoginApplication using Java 17.0.16 with PID 7572 (C:\web\Dohwan_project\Login\login\build\classes\java\main started by user in C:\web\Dohwan_project\Login\login)
2026-04-07 21:22:36 [restartedMain] INFO  com.dohwan.login.LoginApplication - The following 1 profile is active: "prod"
2026-04-07 21:22:36 [restartedMain] INFO  o.s.b.d.e.DevToolsPropertyDefaultsPostProcessor - Devtools property defaults active! Set 'spring.devtools.add-properties' to 'false' to disable
2026-04-07 21:22:36 [restartedMain] INFO  o.s.b.d.e.DevToolsPropertyDefaultsPostProcessor - For additional web related logging consider setting the 'logging.level.web' property to 'DEBUG'
2026-04-07 21:22:40 [restartedMain] INFO  o.s.d.r.c.RepositoryConfigurationDelegate - Bootstrapping Spring Data JPA repositories in DEFAULT mode.
2026-04-07 21:22:41 [restartedMain] INFO  o.s.d.r.c.RepositoryConfigurationDelegate - Finished Spring Data repository scanning in 1268 ms. Found 11 JPA repository interfaces.
2026-04-07 21:22:45 [restartedMain] INFO  o.s.b.w.e.tomcat.TomcatWebServer - Tomcat initialized with port 8080 (http)
2026-04-07 21:22:45 [restartedMain] INFO  o.a.catalina.core.StandardService - Starting service [Tomcat]
2026-04-07 21:22:45 [restartedMain] INFO  o.a.catalina.core.StandardEngine - Starting Servlet engine: [Apache Tomcat/10.1.44]
2026-04-07 21:22:45 [restartedMain] INFO  o.a.c.c.C.[Tomcat].[localhost].[/] - Initializing Spring embedded WebApplicationContext
2026-04-07 21:22:45 [restartedMain] INFO  o.s.b.w.s.c.ServletWebServerApplicationContext - Root WebApplicationContext: initialization completed in 9328 ms
2026-04-07 21:22:46 [restartedMain] INFO  o.h.jpa.internal.util.LogHelper - HHH000204: Processing PersistenceUnitInfo [name: default]
2026-04-07 21:22:47 [restartedMain] INFO  org.hibernate.Version - HHH000412: Hibernate ORM core version 6.6.26.Final
2026-04-07 21:22:47 [restartedMain] INFO  o.h.c.i.RegionFactoryInitiator - HHH000026: Second-level cache disabled
2026-04-07 21:22:47 [restartedMain] INFO  o.s.o.j.p.SpringPersistenceUnitInfo - No LoadTimeWeaver setup: ignoring JPA class transformer
2026-04-07 21:22:47 [restartedMain] INFO  com.zaxxer.hikari.HikariDataSource - HikariPool-1 - Starting...
2026-04-07 21:22:48 [restartedMain] INFO  com.zaxxer.hikari.pool.HikariPool - HikariPool-1 - Added connection org.postgresql.jdbc.PgConnection@3ad691b6
2026-04-07 21:22:48 [restartedMain] INFO  com.zaxxer.hikari.HikariDataSource - HikariPool-1 - Start completed.
2026-04-07 21:22:48 [restartedMain] WARN  org.hibernate.orm.deprecation - HHH90000025: PostgreSQLDialect does not need to be specified explicitly using 'hibernate.dialect' (remove the property setting and it will be selected by default)
2026-04-07 21:22:48 [restartedMain] INFO  o.hibernate.orm.connections.pooling - HHH10001005: Database info:
	Database JDBC URL [Connecting through datasource 'HikariDataSource (HikariPool-1)']
	Database driver: undefined/unknown
	Database version: 17.6
	Autocommit mode: undefined/unknown
	Isolation level: undefined/unknown
	Minimum pool size: undefined/unknown
	Maximum pool size: undefined/unknown
2026-04-07 21:22:50 [restartedMain] INFO  o.h.e.t.j.p.i.JtaPlatformInitiator - HHH000489: No JTA platform available (set 'hibernate.transaction.jta.platform' to enable JTA platform integration)
2026-04-07 21:22:51 [restartedMain] INFO  o.s.o.j.LocalContainerEntityManagerFactoryBean - Initialized JPA EntityManagerFactory for persistence unit 'default'
2026-04-07 21:22:51 [restartedMain] INFO  o.s.d.j.r.query.QueryEnhancerFactory - Hibernate is in classpath; If applicable, HQL parser will be used.
2026-04-07 21:22:53 [restartedMain] INFO  o.s.b.a.w.s.WelcomePageHandlerMapping - Adding welcome page: class path resource [static/index.html]
2026-04-07 21:22:53 [restartedMain] INFO  o.s.s.c.a.a.c.InitializeUserDetailsBeanManagerConfigurer$InitializeUserDetailsManagerConfigurer - Global AuthenticationManager configured with UserDetailsService bean with name userDetailServiceImpl
2026-04-07 21:22:53 [restartedMain] INFO  c.dohwan.login.config.SecurityConfig - CORS 설정 - Allowed Origins: [https://dorunning.vercel.app, http://localhost:5173, http://127.0.0.1:5173, http://localhost:3000, http://127.0.0.1:3000]
2026-04-07 21:22:53 [restartedMain] INFO  c.dohwan.login.config.SecurityConfig - CORS 설정 - Allowed Methods: [GET, POST, PUT, DELETE, OPTIONS]
2026-04-07 21:22:53 [restartedMain] INFO  c.dohwan.login.config.SecurityConfig - CORS 설정 - Allowed Headers: [Authorization, Content-Type, X-Requested-With, Accept, Origin, Access-Control-Request-Method, Access-Control-Request-Headers]
2026-04-07 21:22:53 [restartedMain] INFO  c.dohwan.login.config.SecurityConfig - CORS 설정 - Exposed Headers: [Authorization]
2026-04-07 21:22:53 [restartedMain] INFO  c.dohwan.login.config.SecurityConfig - CORS 설정 - Allow Credentials: true
2026-04-07 21:22:53 [restartedMain] INFO  c.dohwan.login.config.SecurityConfig - CORS 설정 - CORS Configuration Source 등록 완료
2026-04-07 21:22:53 [restartedMain] WARN  o.s.b.a.t.ThymeleafAutoConfiguration$DefaultTemplateResolverConfiguration - Cannot find template location: classpath:/templates/ (please add some templates, check your Thymeleaf configuration, or set spring.thymeleaf.check-template-location=false)
2026-04-07 21:22:54 [restartedMain] INFO  o.s.b.d.a.OptionalLiveReloadServer - LiveReload server is running on port 35729
2026-04-07 21:22:54 [restartedMain] INFO  o.s.b.w.e.tomcat.TomcatWebServer - Tomcat started on port 8080 (http) with context path '/'
2026-04-07 21:22:54 [restartedMain] INFO  com.dohwan.login.LoginApplication - Started LoginApplication in 19.072 seconds (process running for 19.817)
